// Jest Snapshot v1, https://goo.gl/fbAQLP

exports[`docker-compose-manager generator should generate a docker-compose file 1`] = `
"version: \\"3\\"
services:
  mongodb:
    image: mongo
    ports:
      - 27017:27017
    volumes:
      - ./data:/data/db
    networks:
      - data-hub-network
  rabbitmq:
    image: rabbitmq:3-management
    ports:
      - 5672:5672
      - 15672:15672
    environment:
      RABBITMQ_DEFAULT_USER: guest
      RABBITMQ_DEFAULT_PASS: guest
      RABBITMQ_DEFAULT_VHOST: /
    networks:
      - data-hub-network
  ingestors-financial-mercadobitcoin-tickers:
    build:
      context: apps/ingestors/financial/mercadobitcoin/tickers
      dockerfile: apps/ingestors/financial/mercadobitcoin/tickers/Dockerfile
    networks:
      - data-hub-network
networks:
  data-hub-network:
    external: true
    driver: bridge
"
`;
